cl : command line  warning D9002: ignoring unknown option '/arch:SSE2'
cl : command line  warning D9002: ignoring unknown option '/arch:SSE2'
cl : command line  warning D9002: ignoring unknown option '/arch:SSE2'
  autofit.c
cl : command line  warning D9002: ignoring unknown option '/arch:SSE2'
cl : command line  warning D9002: ignoring unknown option '/arch:SSE2'
  ftbase.c
cl : command line  warning D9002: ignoring unknown option '/arch:SSE2'
  ftbbox.c
  ftbdf.c
  ftbitmap.c
cl : command line  warning D9002: ignoring unknown option '/arch:SSE2'
  ftcid.c
cl : command line  warning D9002: ignoring unknown option '/arch:SSE2'
cl : command line  warning D9002: ignoring unknown option '/arch:SSE2'
  ftfntfmt.c
  ftfstype.c
cl : command line  warning D9002: ignoring unknown option '/arch:SSE2'
cl : command line  warning D9002: ignoring unknown option '/arch:SSE2'
  ftgasp.c
  ftglyph.c
cl : command line  warning D9002: ignoring unknown option '/arch:SSE2'
  ftgxval.c
cl : command line  warning D9002: ignoring unknown option '/arch:SSE2'
  ftinit.c
  ftlcdfil.c
  ftmm.c
  ftotval.c
  ftpatent.c
  ftpfr.c
  ftstroke.c
  ftsynth.c
  ftsystem.c
  fttype1.c
  ftwinfnt.c
  bdf.c
  ftcache.c
  cff.c
  type1cid.c
  ftgzip.c
  ftlzw.c
  pcf.c
  pfr.c
  psaux.c
C:\Users\konra\source\repos\Fortuna\Dependencies\freetype\src\psaux\psintrp.c(1001,25): warning C4267: '=': conversion from 'size_t' to 'FT_Fast', possible loss of data
  (compiling source file '../../../src/psaux/psaux.c')
  
  pshinter.c
  psmodule.c
  raster.c
  sfnt.c
  smooth.c
  truetype.c
  type1.c
C:\Users\konra\source\repos\Fortuna\Dependencies\freetype\src\smooth\ftgrays.c(1773,20): warning C4267: '+=': conversion from 'size_t' to 'TCoord', possible loss of data
  (compiling source file '../../../src/smooth/smooth.c')
  
C:\Users\konra\source\repos\Fortuna\Dependencies\freetype\src\sfnt\sfdriver.c(838,13): warning C4267: '=': conversion from 'size_t' to 'FT_UInt', possible loss of data
  (compiling source file '../../../src/sfnt/sfnt.c')
  
C:\Users\konra\source\repos\Fortuna\Dependencies\freetype\src\sfnt\sfdriver.c(989,36): warning C4244: 'function': conversion from '__int64' to 'const unsigned int', possible loss of data
  (compiling source file '../../../src/sfnt/sfnt.c')
  
C:\Users\konra\source\repos\Fortuna\Dependencies\freetype\src\truetype\ttgload.c(1797,42): warning C4312: 'type cast': conversion from 'unsigned long' to 'void *' of greater size
  (compiling source file '../../../src/truetype/truetype.c')
  
C:\Users\konra\source\repos\Fortuna\Dependencies\freetype\src\type1\t1driver.c(273,46): warning C4267: '=': conversion from 'size_t' to 'FT_ULong', possible loss of data
  (compiling source file '../../../src/type1/type1.c')
  
C:\Users\konra\source\repos\Fortuna\Dependencies\freetype\src\type1\t1driver.c(293,55): warning C4267: '=': conversion from 'size_t' to 'FT_ULong', possible loss of data
  (compiling source file '../../../src/type1/type1.c')
  
C:\Users\konra\source\repos\Fortuna\Dependencies\freetype\src\type1\t1driver.c(325,62): warning C4267: '=': conversion from 'size_t' to 'FT_ULong', possible loss of data
  (compiling source file '../../../src/type1/type1.c')
  
C:\Users\konra\source\repos\Fortuna\Dependencies\freetype\src\type1\t1driver.c(355,19): warning C4267: '=': conversion from 'size_t' to 'FT_UInt', possible loss of data
  (compiling source file '../../../src/type1/type1.c')
  
C:\Users\konra\source\repos\Fortuna\Dependencies\freetype\src\type1\t1driver.c(562,54): warning C4267: '=': conversion from 'size_t' to 'FT_ULong', possible loss of data
  (compiling source file '../../../src/type1/type1.c')
  
C:\Users\konra\source\repos\Fortuna\Dependencies\freetype\src\type1\t1driver.c(568,53): warning C4267: '=': conversion from 'size_t' to 'FT_ULong', possible loss of data
  (compiling source file '../../../src/type1/type1.c')
  
C:\Users\konra\source\repos\Fortuna\Dependencies\freetype\src\type1\t1driver.c(574,56): warning C4267: '=': conversion from 'size_t' to 'FT_ULong', possible loss of data
  (compiling source file '../../../src/type1/type1.c')
  
C:\Users\konra\source\repos\Fortuna\Dependencies\freetype\src\type1\t1driver.c(580,58): warning C4267: '=': conversion from 'size_t' to 'FT_ULong', possible loss of data
  (compiling source file '../../../src/type1/type1.c')
  
C:\Users\konra\source\repos\Fortuna\Dependencies\freetype\src\type1\t1driver.c(586,53): warning C4267: '=': conversion from 'size_t' to 'FT_ULong', possible loss of data
  (compiling source file '../../../src/type1/type1.c')
  
C:\Users\konra\source\repos\Fortuna\Dependencies\freetype\src\type1\t1load.c(1581,64): warning C4244: '=': conversion from '__int64' to 'FT_Int', possible loss of data
  (compiling source file '../../../src/type1/type1.c')
  
C:\Users\konra\source\repos\Fortuna\Dependencies\freetype\src\type1\t1load.c(1742,36): warning C4244: '=': conversion from '__int64' to 'FT_Int', possible loss of data
  (compiling source file '../../../src/type1/type1.c')
  
  type42.c
  winfnt.c
C:\Users\konra\source\repos\Fortuna\Dependencies\freetype\src\truetype\ttgxvar.c(2137): warning C4701: potentially uninitialized local variable 'fvar_head' used
C:\Users\konra\source\repos\Fortuna\Dependencies\freetype\src\type42\t42parse.c(821,62): warning C4244: '=': conversion from '__int64' to 'FT_Int', possible loss of data
  (compiling source file '../../../src/type42/type42.c')
  
cl : command line  warning D9002: ignoring unknown option '/arch:SSE2'
  ftdebug.c
     Creating library ..\..\..\objs\x64\Release\freetype.lib and object ..\..\..\objs\x64\Release\freetype.exp
  freetype.vcxproj -> C:\Users\konra\source\repos\Fortuna\Dependencies\freetype\objs\x64\Release\freetype.dll
